0 verbose cli /usr/local/bin/node /usr/local/bin/npm
1 info using npm@10.8.1
2 info using node@v20.13.1
3 silly config load:file:/usr/local/lib/node_modules/npm/npmrc
4 silly config load:file:/Users/macbook/Library/Caches/typescript/5.9/.npmrc
5 silly config load:file:/Users/macbook/.npmrc
6 silly config load:file:/usr/local/etc/npmrc
7 verbose title npm install @types/better-sqlite3@ts5.9 @types/cookie-parser@ts5.9
8 verbose argv "install" "--ignore-scripts" "@types/better-sqlite3@ts5.9" "@types/cookie-parser@ts5.9" "--save-dev" "--user-agent" "typesInstaller/5.9.2"
9 verbose logfile logs-max:10 dir:/Users/macbook/Music/grocery-app-main/.npm-cache/_logs/2025-09-22T21_50_32_616Z-
10 verbose logfile /Users/macbook/Music/grocery-app-main/.npm-cache/_logs/2025-09-22T21_50_32_616Z-debug-0.log
11 silly packumentCache heap:4345298944 maxSize:1086324736 maxEntrySize:543162368
12 silly logfile start cleaning logs, removing 1 files
13 silly logfile done cleaning log files
14 silly packumentCache corgi:https://registry.npmjs.org/@types%2fbetter-sqlite3 cache-miss
15 silly packumentCache corgi:https://registry.npmjs.org/@types%2fcookie-parser cache-miss
16 http fetch GET 200 https://registry.npmjs.org/@types%2fcookie-parser 237ms (cache miss)
17 silly packumentCache corgi:https://registry.npmjs.org/@types%2fcookie-parser set size:undefined disposed:false
18 http fetch GET 200 https://registry.npmjs.org/@types%2fbetter-sqlite3 246ms (cache miss)
19 silly packumentCache corgi:https://registry.npmjs.org/@types%2fbetter-sqlite3 set size:undefined disposed:false
20 silly idealTree buildDeps
21 silly fetch manifest @types/cookie-parser@1.4.9
22 silly packumentCache full:https://registry.npmjs.org/@types%2fcookie-parser cache-miss
23 http fetch GET 200 https://registry.npmjs.org/@types%2fcookie-parser 78ms (cache miss)
24 silly packumentCache full:https://registry.npmjs.org/@types%2fcookie-parser set size:undefined disposed:false
25 silly fetch manifest @types/express@^5.0.3
26 silly packumentCache full:https://registry.npmjs.org/@types%2fexpress cache-miss
27 http fetch GET 200 https://registry.npmjs.org/@types%2fexpress 72ms (cache revalidated)
28 silly packumentCache full:https://registry.npmjs.org/@types%2fexpress set size:102006 disposed:false
29 silly fetch manifest @types/better-sqlite3@7.6.13
30 silly packumentCache full:https://registry.npmjs.org/@types%2fbetter-sqlite3 cache-miss
31 http fetch GET 200 https://registry.npmjs.org/@types%2fbetter-sqlite3 81ms (cache miss)
32 silly packumentCache full:https://registry.npmjs.org/@types%2fbetter-sqlite3 set size:undefined disposed:false
33 silly placeDep ROOT @types/better-sqlite3@7.6.13 OK for:  want: 7.6.13
34 silly placeDep ROOT @types/cookie-parser@1.4.9 OK for:  want: 1.4.9
35 silly reify moves {}
36 silly audit bulk request {
36 silly audit   '@types/body-parser': [ '1.19.6' ],
36 silly audit   '@types/connect': [ '3.4.38' ],
36 silly audit   '@types/cors': [ '2.8.19' ],
36 silly audit   '@types/express': [ '5.0.3' ],
36 silly audit   '@types/express-serve-static-core': [ '5.0.7' ],
36 silly audit   '@types/http-errors': [ '2.0.5' ],
36 silly audit   '@types/jsonwebtoken': [ '9.0.10' ],
36 silly audit   '@types/mime': [ '1.3.5' ],
36 silly audit   '@types/ms': [ '2.1.0' ],
36 silly audit   '@types/node': [ '24.5.2' ],
36 silly audit   '@types/qs': [ '6.14.0' ],
36 silly audit   '@types/range-parser': [ '1.2.7' ],
36 silly audit   '@types/react': [ '19.1.13' ],
36 silly audit   '@types/send': [ '0.17.5' ],
36 silly audit   '@types/serve-static': [ '1.15.8' ],
36 silly audit   csstype: [ '3.1.3' ],
36 silly audit   'types-registry': [ '0.1.739' ],
36 silly audit   'undici-types': [ '7.12.0' ],
36 silly audit   '@types/better-sqlite3': [ '7.6.13' ],
36 silly audit   '@types/cookie-parser': [ '1.4.9' ]
36 silly audit }
37 silly tarball no local data for @types/cookie-parser@https://registry.npmjs.org/@types/cookie-parser/-/cookie-parser-1.4.9.tgz. Extracting by manifest.
38 silly tarball no local data for @types/better-sqlite3@https://registry.npmjs.org/@types/better-sqlite3/-/better-sqlite3-7.6.13.tgz. Extracting by manifest.
39 http fetch POST 200 https://registry.npmjs.org/-/npm/v1/security/advisories/bulk 131ms
40 silly audit report {}
41 http fetch GET 200 https://registry.npmjs.org/@types/cookie-parser/-/cookie-parser-1.4.9.tgz 127ms (cache miss)
42 http fetch GET 200 https://registry.npmjs.org/@types/better-sqlite3/-/better-sqlite3-7.6.13.tgz 127ms (cache miss)
43 silly ADD node_modules/@types/cookie-parser
44 silly ADD node_modules/@types/better-sqlite3
45 verbose cwd /Users/macbook/Library/Caches/typescript/5.9
46 verbose os Darwin 24.6.0
47 verbose node v20.13.1
48 verbose npm  v10.8.1
49 verbose exit 0
50 info ok
