0 verbose cli /usr/local/bin/node /usr/local/bin/npm
1 info using npm@10.8.1
2 info using node@v20.13.1
3 silly config load:file:/usr/local/lib/node_modules/npm/npmrc
4 silly config load:file:/Users/macbook/Library/Caches/typescript/5.9/.npmrc
5 silly config load:file:/Users/macbook/.npmrc
6 silly config load:file:/usr/local/etc/npmrc
7 verbose title npm install types-registry@latest
8 verbose argv "install" "--ignore-scripts" "types-registry@latest"
9 verbose logfile logs-max:10 dir:/Users/macbook/Music/grocery-app-main/.npm-cache/_logs/2025-09-22T21_50_30_557Z-
10 verbose logfile /Users/macbook/Music/grocery-app-main/.npm-cache/_logs/2025-09-22T21_50_30_557Z-debug-0.log
11 silly packumentCache heap:4345298944 maxSize:1086324736 maxEntrySize:543162368
12 silly logfile done cleaning log files
13 silly packumentCache corgi:https://registry.npmjs.org/types-registry cache-miss
14 http fetch GET 200 https://registry.npmjs.org/types-registry 338ms (cache revalidated)
15 silly packumentCache corgi:https://registry.npmjs.org/types-registry set size:608332 disposed:false
16 silly idealTree buildDeps
17 silly fetch manifest types-registry@0.1.739
18 silly packumentCache full:https://registry.npmjs.org/types-registry cache-miss
19 http fetch GET 200 https://registry.npmjs.org/types-registry 81ms (cache revalidated)
20 silly packumentCache full:https://registry.npmjs.org/types-registry set size:1299731 disposed:false
21 silly placeDep ROOT types-registry@0.1.739 REPLACE for:  want: 0.1.739
22 silly reify moves {}
23 silly audit bulk request {
23 silly audit   '@types/body-parser': [ '1.19.6' ],
23 silly audit   '@types/connect': [ '3.4.38' ],
23 silly audit   '@types/cors': [ '2.8.19' ],
23 silly audit   '@types/express': [ '5.0.3' ],
23 silly audit   '@types/express-serve-static-core': [ '5.0.7' ],
23 silly audit   '@types/http-errors': [ '2.0.5' ],
23 silly audit   '@types/jsonwebtoken': [ '9.0.10' ],
23 silly audit   '@types/mime': [ '1.3.5' ],
23 silly audit   '@types/ms': [ '2.1.0' ],
23 silly audit   '@types/node': [ '24.5.2' ],
23 silly audit   '@types/qs': [ '6.14.0' ],
23 silly audit   '@types/range-parser': [ '1.2.7' ],
23 silly audit   '@types/react': [ '19.1.13' ],
23 silly audit   '@types/send': [ '0.17.5' ],
23 silly audit   '@types/serve-static': [ '1.15.8' ],
23 silly audit   csstype: [ '3.1.3' ],
23 silly audit   'undici-types': [ '7.12.0' ],
23 silly audit   'types-registry': [ '0.1.739' ]
23 silly audit }
24 http fetch POST 200 https://registry.npmjs.org/-/npm/v1/security/advisories/bulk 133ms
25 silly audit report {}
26 verbose cwd /Users/macbook/Library/Caches/typescript/5.9
27 verbose os Darwin 24.6.0
28 verbose node v20.13.1
29 verbose npm  v10.8.1
30 verbose exit 0
31 info ok
