0 verbose cli /usr/local/bin/node /usr/local/bin/npm
1 info using npm@10.8.1
2 info using node@v20.13.1
3 silly config load:file:/usr/local/lib/node_modules/npm/npmrc
4 silly config load:file:/Users/macbook/Library/Caches/typescript/5.9/.npmrc
5 silly config load:file:/Users/macbook/.npmrc
6 silly config load:file:/usr/local/etc/npmrc
7 verbose title npm install types-registry@latest
8 verbose argv "install" "--ignore-scripts" "types-registry@latest"
9 verbose logfile logs-max:10 dir:/Users/macbook/Music/grocery-app-main/.npm-cache/_logs/2025-09-21T04_26_25_395Z-
10 verbose logfile /Users/macbook/Music/grocery-app-main/.npm-cache/_logs/2025-09-21T04_26_25_395Z-debug-0.log
11 silly packumentCache heap:4345298944 maxSize:1086324736 maxEntrySize:543162368
12 silly logfile done cleaning log files
13 silly packumentCache corgi:https://registry.npmjs.org/types-registry cache-miss
14 http fetch GET 200 https://registry.npmjs.org/types-registry 512ms (cache updated)
15 silly packumentCache corgi:https://registry.npmjs.org/types-registry set size:undefined disposed:false
16 silly idealTree buildDeps
17 silly fetch manifest types-registry@0.1.739
18 silly packumentCache full:https://registry.npmjs.org/types-registry cache-miss
19 http fetch GET 200 https://registry.npmjs.org/types-registry 179ms (cache updated)
20 silly packumentCache full:https://registry.npmjs.org/types-registry set size:undefined disposed:false
21 silly placeDep ROOT types-registry@0.1.739 REPLACE for:  want: 0.1.739
22 silly reify mark retired [
22 silly reify   '/Users/macbook/Library/Caches/typescript/5.9/node_modules/types-registry'
22 silly reify ]
23 silly reify moves {
23 silly reify   '/Users/macbook/Library/Caches/typescript/5.9/node_modules/types-registry': '/Users/macbook/Library/Caches/typescript/5.9/node_modules/.types-registry-j3hMLycv'
23 silly reify }
24 silly audit bulk request {
24 silly audit   '@types/body-parser': [ '1.19.6' ],
24 silly audit   '@types/connect': [ '3.4.38' ],
24 silly audit   '@types/cors': [ '2.8.19' ],
24 silly audit   '@types/express': [ '5.0.3' ],
24 silly audit   '@types/express-serve-static-core': [ '5.0.7' ],
24 silly audit   '@types/http-errors': [ '2.0.5' ],
24 silly audit   '@types/jsonwebtoken': [ '9.0.10' ],
24 silly audit   '@types/mime': [ '1.3.5' ],
24 silly audit   '@types/ms': [ '2.1.0' ],
24 silly audit   '@types/node': [ '24.5.2' ],
24 silly audit   '@types/qs': [ '6.14.0' ],
24 silly audit   '@types/range-parser': [ '1.2.7' ],
24 silly audit   '@types/react': [ '19.1.13' ],
24 silly audit   '@types/send': [ '0.17.5' ],
24 silly audit   '@types/serve-static': [ '1.15.8' ],
24 silly audit   csstype: [ '3.1.3' ],
24 silly audit   'undici-types': [ '7.12.0' ],
24 silly audit   'types-registry': [ '0.1.739' ]
24 silly audit }
25 silly tarball no local data for types-registry@https://registry.npmjs.org/types-registry/-/types-registry-0.1.739.tgz. Extracting by manifest.
26 http fetch POST 200 https://registry.npmjs.org/-/npm/v1/security/advisories/bulk 121ms
27 silly audit report {}
28 http fetch GET 200 https://registry.npmjs.org/types-registry/-/types-registry-0.1.739.tgz 204ms (cache miss)
29 silly CHANGE node_modules/types-registry
30 verbose cwd /Users/macbook/Library/Caches/typescript/5.9
31 verbose os Darwin 24.6.0
32 verbose node v20.13.1
33 verbose npm  v10.8.1
34 verbose exit 0
35 info ok
