0 verbose cli /usr/local/bin/node /usr/local/bin/npm
1 info using npm@10.8.1
2 info using node@v20.13.1
3 silly config load:file:/usr/local/lib/node_modules/npm/npmrc
4 silly config load:file:/Users/macbook/Music/grocery-app-main/.npmrc
5 silly config load:file:/Users/macbook/.npmrc
6 silly config load:file:/usr/local/etc/npmrc
7 verbose title npm install
8 verbose argv "install"
9 verbose logfile logs-max:10 dir:/Users/macbook/Music/grocery-app-main/.npm-cache/_logs/2025-09-22T00_19_28_142Z-
10 verbose logfile /Users/macbook/Music/grocery-app-main/.npm-cache/_logs/2025-09-22T00_19_28_142Z-debug-0.log
11 silly packumentCache heap:4345298944 maxSize:1086324736 maxEntrySize:543162368
12 silly logfile done cleaning log files
13 silly idealTree buildDeps
14 silly fetch manifest better-sqlite3@^9.4.0
15 silly packumentCache full:https://registry.npmjs.org/better-sqlite3 cache-miss
16 http fetch GET 200 https://registry.npmjs.org/better-sqlite3 284ms (cache miss)
17 silly packumentCache full:https://registry.npmjs.org/better-sqlite3 set size:undefined disposed:false
18 silly fetch manifest cookie-parser@^1.4.6
19 silly packumentCache full:https://registry.npmjs.org/cookie-parser cache-miss
20 http fetch GET 200 https://registry.npmjs.org/cookie-parser 46ms (cache miss)
21 silly packumentCache full:https://registry.npmjs.org/cookie-parser set size:undefined disposed:false
22 silly placeDep ROOT better-sqlite3@9.6.0 OK for: grocery-list-creator@1.0.0 want: ^9.4.0
23 silly placeDep ROOT cookie-parser@1.4.7 OK for: grocery-list-creator@1.0.0 want: ^1.4.6
24 silly fetch manifest bindings@^1.5.0
25 silly packumentCache full:https://registry.npmjs.org/bindings cache-miss
26 silly fetch manifest prebuild-install@^7.1.1
27 silly packumentCache full:https://registry.npmjs.org/prebuild-install cache-miss
28 silly fetch manifest cookie@0.7.2
29 silly packumentCache full:https://registry.npmjs.org/cookie cache-miss
30 http fetch GET 200 https://registry.npmjs.org/bindings 48ms (cache miss)
31 silly packumentCache full:https://registry.npmjs.org/bindings set size:undefined disposed:false
32 http fetch GET 200 https://registry.npmjs.org/cookie 122ms (cache miss)
33 silly packumentCache full:https://registry.npmjs.org/cookie set size:undefined disposed:false
34 http fetch GET 200 https://registry.npmjs.org/prebuild-install 139ms (cache miss)
35 silly packumentCache full:https://registry.npmjs.org/prebuild-install set size:undefined disposed:false
36 silly placeDep ROOT bindings@1.5.0 OK for: better-sqlite3@9.6.0 want: ^1.5.0
37 silly placeDep ROOT prebuild-install@7.1.3 OK for: better-sqlite3@9.6.0 want: ^7.1.1
38 silly fetch manifest file-uri-to-path@1.0.0
39 silly packumentCache full:https://registry.npmjs.org/file-uri-to-path cache-miss
40 silly fetch manifest detect-libc@^2.0.0
41 silly packumentCache full:https://registry.npmjs.org/detect-libc cache-miss
42 silly fetch manifest expand-template@^2.0.3
43 silly packumentCache full:https://registry.npmjs.org/expand-template cache-miss
44 silly fetch manifest github-from-package@0.0.0
45 silly packumentCache full:https://registry.npmjs.org/github-from-package cache-miss
46 silly fetch manifest minimist@^1.2.3
47 silly packumentCache full:https://registry.npmjs.org/minimist cache-miss
48 silly fetch manifest mkdirp-classic@^0.5.3
49 silly packumentCache full:https://registry.npmjs.org/mkdirp-classic cache-miss
50 silly fetch manifest napi-build-utils@^2.0.0
51 silly packumentCache full:https://registry.npmjs.org/napi-build-utils cache-miss
52 silly fetch manifest node-abi@^3.3.0
53 silly packumentCache full:https://registry.npmjs.org/node-abi cache-miss
54 silly fetch manifest pump@^3.0.0
55 silly packumentCache full:https://registry.npmjs.org/pump cache-miss
56 silly fetch manifest rc@^1.2.7
57 silly packumentCache full:https://registry.npmjs.org/rc cache-miss
58 silly fetch manifest simple-get@^4.0.0
59 silly packumentCache full:https://registry.npmjs.org/simple-get cache-miss
60 http fetch GET 200 https://registry.npmjs.org/file-uri-to-path 103ms (cache miss)
61 silly packumentCache full:https://registry.npmjs.org/file-uri-to-path set size:undefined disposed:false
62 silly fetch manifest tar-fs@^2.0.0
63 silly packumentCache full:https://registry.npmjs.org/tar-fs cache-miss
64 http fetch GET 200 https://registry.npmjs.org/expand-template 103ms (cache miss)
65 silly packumentCache full:https://registry.npmjs.org/expand-template set size:undefined disposed:false
66 silly fetch manifest tunnel-agent@^0.6.0
67 silly packumentCache full:https://registry.npmjs.org/tunnel-agent cache-miss
68 http fetch GET 200 https://registry.npmjs.org/detect-libc 107ms (cache miss)
69 silly packumentCache full:https://registry.npmjs.org/detect-libc set size:undefined disposed:false
70 http fetch GET 200 https://registry.npmjs.org/pump 142ms (cache miss)
71 silly packumentCache full:https://registry.npmjs.org/pump set size:undefined disposed:false
72 http fetch GET 200 https://registry.npmjs.org/github-from-package 152ms (cache miss)
73 silly packumentCache full:https://registry.npmjs.org/github-from-package set size:undefined disposed:false
74 http fetch GET 200 https://registry.npmjs.org/tunnel-agent 61ms (cache miss)
75 silly packumentCache full:https://registry.npmjs.org/tunnel-agent set size:undefined disposed:false
76 http fetch GET 200 https://registry.npmjs.org/rc 168ms (cache miss)
77 silly packumentCache full:https://registry.npmjs.org/rc set size:undefined disposed:false
78 http fetch GET 200 https://registry.npmjs.org/mkdirp-classic 179ms (cache miss)
79 silly packumentCache full:https://registry.npmjs.org/mkdirp-classic set size:undefined disposed:false
80 http fetch GET 200 https://registry.npmjs.org/tar-fs 82ms (cache miss)
81 silly packumentCache full:https://registry.npmjs.org/tar-fs set size:undefined disposed:false
82 http fetch GET 200 https://registry.npmjs.org/minimist 190ms (cache miss)
83 silly packumentCache full:https://registry.npmjs.org/minimist set size:undefined disposed:false
84 http fetch GET 200 https://registry.npmjs.org/node-abi 205ms (cache miss)
85 silly packumentCache full:https://registry.npmjs.org/node-abi set size:undefined disposed:false
86 http fetch GET 200 https://registry.npmjs.org/simple-get 216ms (cache miss)
87 silly packumentCache full:https://registry.npmjs.org/simple-get set size:undefined disposed:false
88 http fetch GET 200 https://registry.npmjs.org/napi-build-utils 610ms (cache miss)
89 silly packumentCache full:https://registry.npmjs.org/napi-build-utils set size:undefined disposed:false
90 silly placeDep ROOT file-uri-to-path@1.0.0 OK for: bindings@1.5.0 want: 1.0.0
91 silly placeDep node_modules/cookie-parser cookie@0.7.2 OK for: cookie-parser@1.4.7 want: 0.7.2
92 silly placeDep ROOT detect-libc@2.1.0 OK for: prebuild-install@7.1.3 want: ^2.0.0
93 silly placeDep ROOT expand-template@2.0.3 OK for: prebuild-install@7.1.3 want: ^2.0.3
94 silly placeDep ROOT github-from-package@0.0.0 OK for: prebuild-install@7.1.3 want: 0.0.0
95 silly placeDep ROOT minimist@1.2.8 OK for: prebuild-install@7.1.3 want: ^1.2.3
96 silly placeDep ROOT mkdirp-classic@0.5.3 OK for: prebuild-install@7.1.3 want: ^0.5.3
97 silly placeDep ROOT napi-build-utils@2.0.0 OK for: prebuild-install@7.1.3 want: ^2.0.0
98 silly placeDep ROOT node-abi@3.77.0 OK for: prebuild-install@7.1.3 want: ^3.3.0
99 silly placeDep ROOT pump@3.0.3 OK for: prebuild-install@7.1.3 want: ^3.0.0
100 silly placeDep ROOT rc@1.2.8 OK for: prebuild-install@7.1.3 want: ^1.2.7
101 silly placeDep ROOT simple-get@4.0.1 OK for: prebuild-install@7.1.3 want: ^4.0.0
102 silly placeDep ROOT tar-fs@2.1.4 OK for: prebuild-install@7.1.3 want: ^2.0.0
103 silly placeDep ROOT tunnel-agent@0.6.0 OK for: prebuild-install@7.1.3 want: ^0.6.0
104 silly fetch manifest end-of-stream@^1.1.0
105 silly packumentCache full:https://registry.npmjs.org/end-of-stream cache-miss
106 silly fetch manifest once@^1.3.1
107 silly packumentCache full:https://registry.npmjs.org/once cache-miss
108 silly fetch manifest ini@~1.3.0
109 silly packumentCache full:https://registry.npmjs.org/ini cache-miss
110 silly fetch manifest deep-extend@^0.6.0
111 silly packumentCache full:https://registry.npmjs.org/deep-extend cache-miss
112 silly fetch manifest strip-json-comments@~2.0.1
113 silly packumentCache full:https://registry.npmjs.org/strip-json-comments cache-miss
114 silly fetch manifest decompress-response@^6.0.0
115 silly packumentCache full:https://registry.npmjs.org/decompress-response cache-miss
116 silly fetch manifest once@^1.3.1
117 silly packumentCache full:https://registry.npmjs.org/once cache-miss
118 silly fetch manifest simple-concat@^1.0.0
119 silly packumentCache full:https://registry.npmjs.org/simple-concat cache-miss
120 silly fetch manifest chownr@^1.1.1
121 silly packumentCache full:https://registry.npmjs.org/chownr cache-miss
122 silly fetch manifest tar-stream@^2.1.4
123 silly packumentCache full:https://registry.npmjs.org/tar-stream cache-miss
124 http fetch GET 200 https://registry.npmjs.org/once 74ms (cache miss)
125 silly packumentCache full:https://registry.npmjs.org/once set size:undefined disposed:false
126 http fetch GET 200 https://registry.npmjs.org/once 79ms (cache miss)
127 silly packumentCache full:https://registry.npmjs.org/once set size:undefined disposed:false
128 http fetch GET 200 https://registry.npmjs.org/end-of-stream 81ms (cache miss)
129 silly packumentCache full:https://registry.npmjs.org/end-of-stream set size:undefined disposed:false
130 http fetch GET 200 https://registry.npmjs.org/simple-concat 94ms (cache miss)
131 silly packumentCache full:https://registry.npmjs.org/simple-concat set size:undefined disposed:false
132 http fetch GET 200 https://registry.npmjs.org/chownr 94ms (cache miss)
133 silly packumentCache full:https://registry.npmjs.org/chownr set size:undefined disposed:false
134 http fetch GET 200 https://registry.npmjs.org/deep-extend 101ms (cache miss)
135 silly packumentCache full:https://registry.npmjs.org/deep-extend set size:undefined disposed:false
136 http fetch GET 200 https://registry.npmjs.org/tar-stream 96ms (cache miss)
137 silly packumentCache full:https://registry.npmjs.org/tar-stream set size:undefined disposed:false
138 http fetch GET 200 https://registry.npmjs.org/decompress-response 104ms (cache miss)
139 silly packumentCache full:https://registry.npmjs.org/decompress-response set size:undefined disposed:false
140 http fetch GET 200 https://registry.npmjs.org/strip-json-comments 106ms (cache miss)
141 silly packumentCache full:https://registry.npmjs.org/strip-json-comments set size:undefined disposed:false
142 http fetch GET 200 https://registry.npmjs.org/ini 116ms (cache miss)
143 silly packumentCache full:https://registry.npmjs.org/ini set size:undefined disposed:false
144 silly placeDep ROOT end-of-stream@1.4.5 OK for: pump@3.0.3 want: ^1.1.0
145 silly placeDep ROOT once@1.4.0 OK for: pump@3.0.3 want: ^1.3.1
146 silly fetch manifest once@^1.4.0
147 silly packumentCache full:https://registry.npmjs.org/once cache-miss
148 silly fetch manifest wrappy@1
149 silly packumentCache full:https://registry.npmjs.org/wrappy cache-miss
150 http fetch GET 200 https://registry.npmjs.org/once 12ms (cache hit)
151 silly packumentCache full:https://registry.npmjs.org/once set size:11768 disposed:false
152 http fetch GET 200 https://registry.npmjs.org/wrappy 120ms (cache miss)
153 silly packumentCache full:https://registry.npmjs.org/wrappy set size:undefined disposed:false
154 silly placeDep ROOT wrappy@1.0.2 OK for: once@1.4.0 want: 1
155 silly placeDep ROOT deep-extend@0.6.0 OK for: rc@1.2.8 want: ^0.6.0
156 silly placeDep ROOT ini@1.3.8 OK for: rc@1.2.8 want: ~1.3.0
157 silly placeDep ROOT strip-json-comments@2.0.1 OK for: rc@1.2.8 want: ~2.0.1
158 silly placeDep ROOT decompress-response@6.0.0 OK for: simple-get@4.0.1 want: ^6.0.0
159 silly placeDep ROOT simple-concat@1.0.1 OK for: simple-get@4.0.1 want: ^1.0.0
160 silly fetch manifest mimic-response@^3.1.0
161 silly packumentCache full:https://registry.npmjs.org/mimic-response cache-miss
162 http fetch GET 200 https://registry.npmjs.org/mimic-response 55ms (cache miss)
163 silly packumentCache full:https://registry.npmjs.org/mimic-response set size:undefined disposed:false
164 silly placeDep ROOT mimic-response@3.1.0 OK for: decompress-response@6.0.0 want: ^3.1.0
165 silly placeDep ROOT chownr@1.1.4 OK for: tar-fs@2.1.4 want: ^1.1.1
166 silly placeDep ROOT tar-stream@2.2.0 OK for: tar-fs@2.1.4 want: ^2.1.4
167 silly fetch manifest bl@^4.0.3
168 silly packumentCache full:https://registry.npmjs.org/bl cache-miss
169 silly fetch manifest fs-constants@^1.0.0
170 silly packumentCache full:https://registry.npmjs.org/fs-constants cache-miss
171 silly fetch manifest readable-stream@^3.1.1
172 silly packumentCache full:https://registry.npmjs.org/readable-stream cache-miss
173 http fetch GET 200 https://registry.npmjs.org/fs-constants 48ms (cache miss)
174 silly packumentCache full:https://registry.npmjs.org/fs-constants set size:undefined disposed:false
175 http fetch GET 200 https://registry.npmjs.org/bl 60ms (cache miss)
176 silly packumentCache full:https://registry.npmjs.org/bl set size:undefined disposed:false
177 http fetch GET 200 https://registry.npmjs.org/readable-stream 71ms (cache miss)
178 silly packumentCache full:https://registry.npmjs.org/readable-stream set size:undefined disposed:false
179 silly placeDep ROOT bl@4.1.0 OK for: tar-stream@2.2.0 want: ^4.0.3
180 silly placeDep ROOT fs-constants@1.0.0 OK for: tar-stream@2.2.0 want: ^1.0.0
181 silly placeDep ROOT readable-stream@3.6.2 OK for: tar-stream@2.2.0 want: ^3.1.1
182 silly fetch manifest buffer@^5.5.0
183 silly packumentCache full:https://registry.npmjs.org/buffer cache-miss
184 silly fetch manifest readable-stream@^3.4.0
185 silly packumentCache full:https://registry.npmjs.org/readable-stream cache-miss
186 silly fetch manifest string_decoder@^1.1.1
187 silly packumentCache full:https://registry.npmjs.org/string_decoder cache-miss
188 http fetch GET 200 https://registry.npmjs.org/readable-stream 14ms (cache hit)
189 silly packumentCache full:https://registry.npmjs.org/readable-stream set size:261096 disposed:false
190 http fetch GET 200 https://registry.npmjs.org/string_decoder 76ms (cache miss)
191 silly packumentCache full:https://registry.npmjs.org/string_decoder set size:undefined disposed:false
192 http fetch GET 200 https://registry.npmjs.org/buffer 108ms (cache miss)
193 silly packumentCache full:https://registry.npmjs.org/buffer set size:undefined disposed:false
194 silly placeDep ROOT buffer@5.7.1 OK for: bl@4.1.0 want: ^5.5.0
195 silly fetch manifest base64-js@^1.3.1
196 silly packumentCache full:https://registry.npmjs.org/base64-js cache-miss
197 silly fetch manifest ieee754@^1.1.13
198 silly packumentCache full:https://registry.npmjs.org/ieee754 cache-miss
199 http fetch GET 200 https://registry.npmjs.org/base64-js 41ms (cache miss)
200 silly packumentCache full:https://registry.npmjs.org/base64-js set size:undefined disposed:false
201 http fetch GET 200 https://registry.npmjs.org/ieee754 57ms (cache miss)
202 silly packumentCache full:https://registry.npmjs.org/ieee754 set size:undefined disposed:false
203 silly placeDep ROOT base64-js@1.5.1 OK for: buffer@5.7.1 want: ^1.3.1
204 silly placeDep ROOT ieee754@1.2.1 OK for: buffer@5.7.1 want: ^1.1.13
205 silly placeDep ROOT string_decoder@1.3.0 OK for: readable-stream@3.6.2 want: ^1.1.1
206 silly reify mark retired [
206 silly reify   '/Users/macbook/Music/grocery-app-main/node_modules/@mongodb-js/saslprep'
206 silly reify ]
207 silly reify mark retired [
207 silly reify   '/Users/macbook/Music/grocery-app-main/node_modules/@types/webidl-conversions'
207 silly reify ]
208 silly reify mark retired [
208 silly reify   '/Users/macbook/Music/grocery-app-main/node_modules/@types/whatwg-url'
208 silly reify ]
209 silly reify mark retired [ '/Users/macbook/Music/grocery-app-main/node_modules/bson' ]
210 silly reify mark retired [ '/Users/macbook/Music/grocery-app-main/node_modules/kareem' ]
211 silly reify mark retired [ '/Users/macbook/Music/grocery-app-main/node_modules/memory-pager' ]
212 silly reify mark retired [ '/Users/macbook/Music/grocery-app-main/node_modules/mongodb' ]
213 silly reify mark retired [
213 silly reify   '/Users/macbook/Music/grocery-app-main/node_modules/mongodb-connection-string-url'
213 silly reify ]
214 silly reify mark retired [ '/Users/macbook/Music/grocery-app-main/node_modules/mongoose' ]
215 silly reify mark retired [ '/Users/macbook/Music/grocery-app-main/node_modules/mpath' ]
216 silly reify mark retired [ '/Users/macbook/Music/grocery-app-main/node_modules/mquery' ]
217 silly reify mark retired [ '/Users/macbook/Music/grocery-app-main/node_modules/punycode' ]
218 silly reify mark retired [ '/Users/macbook/Music/grocery-app-main/node_modules/sift' ]
219 silly reify mark retired [
219 silly reify   '/Users/macbook/Music/grocery-app-main/node_modules/sparse-bitfield'
219 silly reify ]
220 silly reify mark retired [ '/Users/macbook/Music/grocery-app-main/node_modules/tr46' ]
221 silly reify mark retired [
221 silly reify   '/Users/macbook/Music/grocery-app-main/node_modules/webidl-conversions'
221 silly reify ]
222 silly reify mark retired [ '/Users/macbook/Music/grocery-app-main/node_modules/whatwg-url' ]
223 silly reify moves {
223 silly reify   '/Users/macbook/Music/grocery-app-main/node_modules/@mongodb-js/saslprep': '/Users/macbook/Music/grocery-app-main/node_modules/@mongodb-js/.saslprep-3AAyNaU4',
223 silly reify   '/Users/macbook/Music/grocery-app-main/node_modules/@types/webidl-conversions': '/Users/macbook/Music/grocery-app-main/node_modules/@types/.webidl-conversions-0r1Q6Wy3',
223 silly reify   '/Users/macbook/Music/grocery-app-main/node_modules/@types/whatwg-url': '/Users/macbook/Music/grocery-app-main/node_modules/@types/.whatwg-url-DjwV6VXM',
223 silly reify   '/Users/macbook/Music/grocery-app-main/node_modules/bson': '/Users/macbook/Music/grocery-app-main/node_modules/.bson-nJJ7amPJ',
223 silly reify   '/Users/macbook/Music/grocery-app-main/node_modules/kareem': '/Users/macbook/Music/grocery-app-main/node_modules/.kareem-hjboGR0v',
223 silly reify   '/Users/macbook/Music/grocery-app-main/node_modules/memory-pager': '/Users/macbook/Music/grocery-app-main/node_modules/.memory-pager-yAuLixhO',
223 silly reify   '/Users/macbook/Music/grocery-app-main/node_modules/mongodb': '/Users/macbook/Music/grocery-app-main/node_modules/.mongodb-EDqMT2UY',
223 silly reify   '/Users/macbook/Music/grocery-app-main/node_modules/mongodb-connection-string-url': '/Users/macbook/Music/grocery-app-main/node_modules/.mongodb-connection-string-url-SD1nkkuG',
223 silly reify   '/Users/macbook/Music/grocery-app-main/node_modules/mongoose': '/Users/macbook/Music/grocery-app-main/node_modules/.mongoose-Cg8Q2pdC',
223 silly reify   '/Users/macbook/Music/grocery-app-main/node_modules/mpath': '/Users/macbook/Music/grocery-app-main/node_modules/.mpath-DUKkkO4S',
223 silly reify   '/Users/macbook/Music/grocery-app-main/node_modules/mquery': '/Users/macbook/Music/grocery-app-main/node_modules/.mquery-nBI4GMPr',
223 silly reify   '/Users/macbook/Music/grocery-app-main/node_modules/punycode': '/Users/macbook/Music/grocery-app-main/node_modules/.punycode-VzCOZRvA',
223 silly reify   '/Users/macbook/Music/grocery-app-main/node_modules/sift': '/Users/macbook/Music/grocery-app-main/node_modules/.sift-O6oAf8HD',
223 silly reify   '/Users/macbook/Music/grocery-app-main/node_modules/sparse-bitfield': '/Users/macbook/Music/grocery-app-main/node_modules/.sparse-bitfield-E01U7gHL',
223 silly reify   '/Users/macbook/Music/grocery-app-main/node_modules/tr46': '/Users/macbook/Music/grocery-app-main/node_modules/.tr46-ZKkSZJgU',
223 silly reify   '/Users/macbook/Music/grocery-app-main/node_modules/webidl-conversions': '/Users/macbook/Music/grocery-app-main/node_modules/.webidl-conversions-96TjM18d',
223 silly reify   '/Users/macbook/Music/grocery-app-main/node_modules/whatwg-url': '/Users/macbook/Music/grocery-app-main/node_modules/.whatwg-url-Fwu2KNFE'
223 silly reify }
224 silly audit bulk request {
224 silly audit   '@alloc/quick-lru': [ '5.2.0' ],
224 silly audit   '@isaacs/cliui': [ '8.0.2' ],
224 silly audit   '@jridgewell/gen-mapping': [ '0.3.13' ],
224 silly audit   '@jridgewell/resolve-uri': [ '3.1.2' ],
224 silly audit   '@jridgewell/sourcemap-codec': [ '1.5.5' ],
224 silly audit   '@jridgewell/trace-mapping': [ '0.3.31' ],
224 silly audit   '@nodelib/fs.scandir': [ '2.1.5' ],
224 silly audit   '@nodelib/fs.stat': [ '2.0.5' ],
224 silly audit   '@nodelib/fs.walk': [ '1.2.8' ],
224 silly audit   '@pkgjs/parseargs': [ '0.11.0' ],
224 silly audit   '@socket.io/component-emitter': [ '3.1.2' ],
224 silly audit   '@types/cors': [ '2.8.19' ],
224 silly audit   '@types/node': [ '24.5.2' ],
224 silly audit   accepts: [ '1.3.8' ],
224 silly audit   'ansi-regex': [ '6.2.2', '5.0.1' ],
224 silly audit   'ansi-styles': [ '6.2.3', '4.3.0' ],
224 silly audit   'any-promise': [ '1.3.0' ],
224 silly audit   anymatch: [ '3.1.3' ],
224 silly audit   arg: [ '5.0.2' ],
224 silly audit   'array-flatten': [ '1.1.1' ],
224 silly audit   'balanced-match': [ '1.0.2' ],
224 silly audit   base64id: [ '2.0.0' ],
224 silly audit   bcryptjs: [ '2.4.3' ],
224 silly audit   'binary-extensions': [ '2.3.0' ],
224 silly audit   'body-parser': [ '1.20.3' ],
224 silly audit   'brace-expansion': [ '1.1.12', '2.0.2' ],
224 silly audit   braces: [ '3.0.3' ],
224 silly audit   'buffer-equal-constant-time': [ '1.0.1' ],
224 silly audit   bytes: [ '3.1.2' ],
224 silly audit   'call-bind-apply-helpers': [ '1.0.2' ],
224 silly audit   'call-bound': [ '1.0.4' ],
224 silly audit   'camelcase-css': [ '2.0.1' ],
224 silly audit   chokidar: [ '3.6.0' ],
224 silly audit   'color-convert': [ '2.0.1' ],
224 silly audit   'color-name': [ '1.1.4' ],
224 silly audit   commander: [ '4.1.1' ],
224 silly audit   'concat-map': [ '0.0.1' ],
224 silly audit   'content-disposition': [ '0.5.4' ],
224 silly audit   'content-type': [ '1.0.5' ],
224 silly audit   cookie: [ '0.7.1', '0.7.2' ],
224 silly audit   'cookie-signature': [ '1.0.6' ],
224 silly audit   cors: [ '2.8.5' ],
224 silly audit   'cross-spawn': [ '7.0.6' ],
224 silly audit   cssesc: [ '3.0.0' ],
224 silly audit   debug: [ '2.6.9', '4.3.7', '4.4.3' ],
224 silly audit   depd: [ '2.0.0' ],
224 silly audit   destroy: [ '1.2.0' ],
224 silly audit   didyoumean: [ '1.2.2' ],
224 silly audit   dlv: [ '1.1.3' ],
224 silly audit   dotenv: [ '16.6.1' ],
224 silly audit   'dunder-proto': [ '1.0.1' ],
224 silly audit   eastasianwidth: [ '0.2.0' ],
224 silly audit   'ecdsa-sig-formatter': [ '1.0.11' ],
224 silly audit   'ee-first': [ '1.1.1' ],
224 silly audit   'emoji-regex': [ '9.2.2', '8.0.0' ],
224 silly audit   encodeurl: [ '2.0.0', '1.0.2' ],
224 silly audit   'engine.io': [ '6.6.4' ],
224 silly audit   'engine.io-parser': [ '5.2.3' ],
224 silly audit   ms: [ '2.1.3', '2.0.0' ],
224 silly audit   'es-define-property': [ '1.0.1' ],
224 silly audit   'es-errors': [ '1.3.0' ],
224 silly audit   'es-object-atoms': [ '1.1.1' ],
224 silly audit   'escape-html': [ '1.0.3' ],
224 silly audit   etag: [ '1.8.1' ],
224 silly audit   express: [ '4.21.2' ],
224 silly audit   'fast-glob': [ '3.3.3' ],
224 silly audit   fastq: [ '1.19.1' ],
224 silly audit   'fill-range': [ '7.1.1' ],
224 silly audit   finalhandler: [ '1.3.1' ],
224 silly audit   'foreground-child': [ '3.3.1' ],
224 silly audit   forwarded: [ '0.2.0' ],
224 silly audit   fresh: [ '0.5.2' ],
224 silly audit   fsevents: [ '2.3.3' ],
224 silly audit   'function-bind': [ '1.1.2' ],
224 silly audit   'get-intrinsic': [ '1.3.0' ],
224 silly audit   'get-proto': [ '1.0.1' ],
224 silly audit   glob: [ '10.4.5' ],
224 silly audit   'glob-parent': [ '5.1.2', '6.0.2' ],
224 silly audit   minimatch: [ '9.0.5', '3.1.2' ],
224 silly audit   gopd: [ '1.2.0' ],
224 silly audit   'has-flag': [ '3.0.0' ],
224 silly audit   'has-symbols': [ '1.1.0' ],
224 silly audit   hasown: [ '2.0.2' ],
224 silly audit   'http-errors': [ '2.0.0' ],
224 silly audit   'iconv-lite': [ '0.4.24' ],
224 silly audit   'ignore-by-default': [ '1.0.1' ],
224 silly audit   inherits: [ '2.0.4' ],
224 silly audit   'ipaddr.js': [ '1.9.1' ],
224 silly audit   'is-binary-path': [ '2.1.0' ],
224 silly audit   'is-core-module': [ '2.16.1' ],
224 silly audit   'is-extglob': [ '2.1.1' ],
224 silly audit   'is-fullwidth-code-point': [ '3.0.0' ],
224 silly audit   'is-glob': [ '4.0.3' ],
224 silly audit   'is-number': [ '7.0.0' ],
224 silly audit   isexe: [ '2.0.0' ],
224 silly audit   jackspeak: [ '3.4.3' ],
224 silly audit   jiti: [ '1.21.7' ],
224 silly audit   jsonwebtoken: [ '9.0.2' ],
224 silly audit   jwa: [ '1.4.2' ],
224 silly audit   jws: [ '3.2.2' ],
224 silly audit   lilconfig: [ '3.1.3' ],
224 silly audit   'lines-and-columns': [ '1.2.4' ],
224 silly audit   'lodash.includes': [ '4.3.0' ],
224 silly audit   'lodash.isboolean': [ '3.0.3' ],
224 silly audit   'lodash.isinteger': [ '4.0.4' ],
224 silly audit   'lodash.isnumber': [ '3.0.3' ],
224 silly audit   'lodash.isplainobject': [ '4.0.6' ],
224 silly audit   'lodash.isstring': [ '4.0.1' ],
224 silly audit   'lodash.once': [ '4.1.1' ],
224 silly audit   'lru-cache': [ '10.4.3' ],
224 silly audit   'math-intrinsics': [ '1.1.0' ],
224 silly audit   'media-typer': [ '0.3.0' ],
224 silly audit   'merge-descriptors': [ '1.0.3' ],
224 silly audit   merge2: [ '1.4.1' ],
224 silly audit   methods: [ '1.1.2' ],
224 silly audit   micromatch: [ '4.0.8' ],
224 silly audit   mime: [ '1.6.0' ],
224 silly audit   'mime-db': [ '1.52.0' ],
224 silly audit   'mime-types': [ '2.1.35' ],
224 silly audit   minipass: [ '7.1.2' ],
224 silly audit   mz: [ '2.7.0' ],
224 silly audit   nanoid: [ '3.3.11' ],
224 silly audit   negotiator: [ '0.6.3' ],
224 silly audit   nodemon: [ '3.1.10' ],
224 silly audit   'normalize-path': [ '3.0.0' ],
224 silly audit   'object-assign': [ '4.1.1' ],
224 silly audit   'object-hash': [ '3.0.0' ],
224 silly audit   'object-inspect': [ '1.13.4' ],
224 silly audit   'on-finished': [ '2.4.1' ],
224 silly audit   'package-json-from-dist': [ '1.0.1' ],
224 silly audit   parseurl: [ '1.3.3' ],
224 silly audit   'path-key': [ '3.1.1' ],
224 silly audit   'path-parse': [ '1.0.7' ],
224 silly audit   'path-scurry': [ '1.11.1' ],
224 silly audit   'path-to-regexp': [ '0.1.12' ],
224 silly audit   picocolors: [ '1.1.1' ],
224 silly audit   picomatch: [ '2.3.1' ],
224 silly audit   pify: [ '2.3.0' ],
224 silly audit   pirates: [ '4.0.7' ],
224 silly audit   postcss: [ '8.5.6' ],
224 silly audit   'postcss-import': [ '15.1.0' ],
224 silly audit   'postcss-js': [ '4.1.0' ],
224 silly audit   'postcss-load-config': [ '4.0.2' ],
224 silly audit   'postcss-nested': [ '6.2.0' ],
224 silly audit   'postcss-selector-parser': [ '6.1.2' ],
224 silly audit   'postcss-value-parser': [ '4.2.0' ],
224 silly audit   'proxy-addr': [ '2.0.7' ],
224 silly audit   'pstree.remy': [ '1.1.8' ],
224 silly audit   qs: [ '6.13.0' ],
224 silly audit   'queue-microtask': [ '1.2.3' ],
224 silly audit   'range-parser': [ '1.2.1' ],
224 silly audit   'raw-body': [ '2.5.2' ],
224 silly audit   'read-cache': [ '1.0.0' ],
224 silly audit   readdirp: [ '3.6.0' ],
224 silly audit   resolve: [ '1.22.10' ],
224 silly audit   reusify: [ '1.1.0' ],
224 silly audit   'run-parallel': [ '1.2.0' ],
224 silly audit   'safe-buffer': [ '5.2.1' ],
224 silly audit   'safer-buffer': [ '2.1.2' ],
224 silly audit   semver: [ '7.7.2' ],
224 silly audit   send: [ '0.19.0' ],
224 silly audit   'serve-static': [ '1.16.2' ],
224 silly audit   setprototypeof: [ '1.2.0' ],
224 silly audit   'shebang-command': [ '2.0.0' ],
224 silly audit   'shebang-regex': [ '3.0.0' ],
224 silly audit   'side-channel': [ '1.1.0' ],
224 silly audit   'side-channel-list': [ '1.0.0' ],
224 silly audit   'side-channel-map': [ '1.0.1' ],
224 silly audit   'side-channel-weakmap': [ '1.0.2' ],
224 silly audit   'signal-exit': [ '4.1.0' ],
224 silly audit   'simple-update-notifier': [ '2.0.0' ],
224 silly audit   'socket.io': [ '4.8.1' ],
224 silly audit   'socket.io-adapter': [ '2.5.5' ],
224 silly audit   'socket.io-parser': [ '4.2.4' ],
224 silly audit   'source-map-js': [ '1.2.1' ],
224 silly audit   statuses: [ '2.0.1' ],
224 silly audit   'string-width': [ '5.1.2', '4.2.3' ],
224 silly audit   'strip-ansi': [ '6.0.1', '7.1.2' ],
224 silly audit   sucrase: [ '3.35.0' ],
224 silly audit   'supports-color': [ '5.5.0' ],
224 silly audit   'supports-preserve-symlinks-flag': [ '1.0.0' ],
224 silly audit   tailwindcss: [ '3.4.17' ],
224 silly audit   thenify: [ '3.3.1' ],
224 silly audit   'thenify-all': [ '1.6.0' ],
224 silly audit   'to-regex-range': [ '5.0.1' ],
224 silly audit   toidentifier: [ '1.0.1' ],
224 silly audit   touch: [ '3.1.1' ],
224 silly audit   'ts-interface-checker': [ '0.1.13' ],
224 silly audit   'type-is': [ '1.6.18' ],
224 silly audit   undefsafe: [ '2.0.5' ],
224 silly audit   'undici-types': [ '7.12.0' ],
224 silly audit   unpipe: [ '1.0.0' ],
224 silly audit   'util-deprecate': [ '1.0.2' ],
224 silly audit   'utils-merge': [ '1.0.1' ],
224 silly audit   vary: [ '1.1.2' ],
224 silly audit   which: [ '2.0.2' ],
224 silly audit   'wrap-ansi': [ '8.1.0', '7.0.0' ],
224 silly audit   ws: [ '8.17.1' ],
224 silly audit   yaml: [ '2.8.1' ],
224 silly audit   'better-sqlite3': [ '9.6.0' ],
224 silly audit   'cookie-parser': [ '1.4.7' ],
224 silly audit   bindings: [ '1.5.0' ],
224 silly audit   'prebuild-install': [ '7.1.3' ],
224 silly audit   'file-uri-to-path': [ '1.0.0' ],
224 silly audit   'detect-libc': [ '2.1.0' ],
224 silly audit   'expand-template': [ '2.0.3' ],
224 silly audit   'github-from-package': [ '0.0.0' ],
224 silly audit   minimist: [ '1.2.8' ],
224 silly audit   'mkdirp-classic': [ '0.5.3' ],
224 silly audit   'napi-build-utils': [ '2.0.0' ],
224 silly audit   'node-abi': [ '3.77.0' ],
224 silly audit   pump: [ '3.0.3' ],
224 silly audit   rc: [ '1.2.8' ],
224 silly audit   'simple-get': [ '4.0.1' ],
224 silly audit   'tar-fs': [ '2.1.4' ],
224 silly audit   'tunnel-agent': [ '0.6.0' ],
224 silly audit   'end-of-stream': [ '1.4.5' ],
224 silly audit   once: [ '1.4.0' ],
224 silly audit   wrappy: [ '1.0.2' ],
224 silly audit   'deep-extend': [ '0.6.0' ],
224 silly audit   ini: [ '1.3.8' ],
224 silly audit   'strip-json-comments': [ '2.0.1' ],
224 silly audit   'decompress-response': [ '6.0.0' ],
224 silly audit   'simple-concat': [ '1.0.1' ],
224 silly audit   'mimic-response': [ '3.1.0' ],
224 silly audit   chownr: [ '1.1.4' ],
224 silly audit   'tar-stream': [ '2.2.0' ],
224 silly audit   bl: [ '4.1.0' ],
224 silly audit   'fs-constants': [ '1.0.0' ],
224 silly audit   'readable-stream': [ '3.6.2' ],
224 silly audit   buffer: [ '5.7.1' ],
224 silly audit   'base64-js': [ '1.5.1' ],
224 silly audit   ieee754: [ '1.2.1' ],
224 silly audit   string_decoder: [ '1.3.0' ]
224 silly audit }
225 silly tarball no local data for string_decoder@https://registry.npmjs.org/string_decoder/-/string_decoder-1.3.0.tgz. Extracting by manifest.
226 silly tarball no local data for buffer@https://registry.npmjs.org/buffer/-/buffer-5.7.1.tgz. Extracting by manifest.
227 silly tarball no local data for readable-stream@https://registry.npmjs.org/readable-stream/-/readable-stream-3.6.2.tgz. Extracting by manifest.
228 silly tarball no local data for ieee754@https://registry.npmjs.org/ieee754/-/ieee754-1.2.1.tgz. Extracting by manifest.
229 silly tarball no local data for base64-js@https://registry.npmjs.org/base64-js/-/base64-js-1.5.1.tgz. Extracting by manifest.
230 silly tarball no local data for bl@https://registry.npmjs.org/bl/-/bl-4.1.0.tgz. Extracting by manifest.
231 silly tarball no local data for fs-constants@https://registry.npmjs.org/fs-constants/-/fs-constants-1.0.0.tgz. Extracting by manifest.
232 silly tarball no local data for tar-stream@https://registry.npmjs.org/tar-stream/-/tar-stream-2.2.0.tgz. Extracting by manifest.
233 silly tarball no local data for chownr@https://registry.npmjs.org/chownr/-/chownr-1.1.4.tgz. Extracting by manifest.
234 silly tarball no local data for mimic-response@https://registry.npmjs.org/mimic-response/-/mimic-response-3.1.0.tgz. Extracting by manifest.
235 silly tarball no local data for decompress-response@https://registry.npmjs.org/decompress-response/-/decompress-response-6.0.0.tgz. Extracting by manifest.
236 silly tarball no local data for simple-concat@https://registry.npmjs.org/simple-concat/-/simple-concat-1.0.1.tgz. Extracting by manifest.
237 silly tarball no local data for ini@https://registry.npmjs.org/ini/-/ini-1.3.8.tgz. Extracting by manifest.
238 silly tarball no local data for deep-extend@https://registry.npmjs.org/deep-extend/-/deep-extend-0.6.0.tgz. Extracting by manifest.
239 silly tarball no local data for wrappy@https://registry.npmjs.org/wrappy/-/wrappy-1.0.2.tgz. Extracting by manifest.
240 silly tarball no local data for strip-json-comments@https://registry.npmjs.org/strip-json-comments/-/strip-json-comments-2.0.1.tgz. Extracting by manifest.
241 silly tarball no local data for once@https://registry.npmjs.org/once/-/once-1.4.0.tgz. Extracting by manifest.
242 silly tarball no local data for end-of-stream@https://registry.npmjs.org/end-of-stream/-/end-of-stream-1.4.5.tgz. Extracting by manifest.
243 silly tarball no local data for tunnel-agent@https://registry.npmjs.org/tunnel-agent/-/tunnel-agent-0.6.0.tgz. Extracting by manifest.
244 silly tarball no local data for simple-get@https://registry.npmjs.org/simple-get/-/simple-get-4.0.1.tgz. Extracting by manifest.
245 silly tarball no local data for tar-fs@https://registry.npmjs.org/tar-fs/-/tar-fs-2.1.4.tgz. Extracting by manifest.
246 silly tarball no local data for node-abi@https://registry.npmjs.org/node-abi/-/node-abi-3.77.0.tgz. Extracting by manifest.
247 silly tarball no local data for pump@https://registry.npmjs.org/pump/-/pump-3.0.3.tgz. Extracting by manifest.
248 silly tarball no local data for rc@https://registry.npmjs.org/rc/-/rc-1.2.8.tgz. Extracting by manifest.
249 silly tarball no local data for napi-build-utils@https://registry.npmjs.org/napi-build-utils/-/napi-build-utils-2.0.0.tgz. Extracting by manifest.
250 silly tarball no local data for minimist@https://registry.npmjs.org/minimist/-/minimist-1.2.8.tgz. Extracting by manifest.
251 silly tarball no local data for mkdirp-classic@https://registry.npmjs.org/mkdirp-classic/-/mkdirp-classic-0.5.3.tgz. Extracting by manifest.
252 silly tarball no local data for github-from-package@https://registry.npmjs.org/github-from-package/-/github-from-package-0.0.0.tgz. Extracting by manifest.
253 silly tarball no local data for expand-template@https://registry.npmjs.org/expand-template/-/expand-template-2.0.3.tgz. Extracting by manifest.
254 silly tarball no local data for file-uri-to-path@https://registry.npmjs.org/file-uri-to-path/-/file-uri-to-path-1.0.0.tgz. Extracting by manifest.
255 silly tarball no local data for detect-libc@https://registry.npmjs.org/detect-libc/-/detect-libc-2.1.0.tgz. Extracting by manifest.
256 silly tarball no local data for bindings@https://registry.npmjs.org/bindings/-/bindings-1.5.0.tgz. Extracting by manifest.
257 silly tarball no local data for prebuild-install@https://registry.npmjs.org/prebuild-install/-/prebuild-install-7.1.3.tgz. Extracting by manifest.
258 silly tarball no local data for better-sqlite3@https://registry.npmjs.org/better-sqlite3/-/better-sqlite3-9.6.0.tgz. Extracting by manifest.
259 silly tarball no local data for cookie@https://registry.npmjs.org/cookie/-/cookie-0.7.2.tgz. Extracting by manifest.
260 silly tarball no local data for cookie-parser@https://registry.npmjs.org/cookie-parser/-/cookie-parser-1.4.7.tgz. Extracting by manifest.
261 http fetch POST 200 https://registry.npmjs.org/-/npm/v1/security/advisories/bulk 175ms
262 silly audit report {}
263 http fetch GET 200 https://registry.npmjs.org/ieee754/-/ieee754-1.2.1.tgz 205ms (cache miss)
264 http fetch GET 200 https://registry.npmjs.org/wrappy/-/wrappy-1.0.2.tgz 202ms (cache miss)
265 http fetch GET 200 https://registry.npmjs.org/chownr/-/chownr-1.1.4.tgz 216ms (cache miss)
266 http fetch GET 200 https://registry.npmjs.org/strip-json-comments/-/strip-json-comments-2.0.1.tgz 210ms (cache miss)
267 http fetch GET 200 https://registry.npmjs.org/base64-js/-/base64-js-1.5.1.tgz 310ms (cache miss)
268 http fetch GET 200 https://registry.npmjs.org/mimic-response/-/mimic-response-3.1.0.tgz 304ms (cache miss)
269 http fetch GET 200 https://registry.npmjs.org/string_decoder/-/string_decoder-1.3.0.tgz 392ms (cache miss)
270 http fetch GET 200 https://registry.npmjs.org/bl/-/bl-4.1.0.tgz 388ms (cache miss)
271 http fetch GET 200 https://registry.npmjs.org/once/-/once-1.4.0.tgz 377ms (cache miss)
272 http fetch GET 200 https://registry.npmjs.org/fs-constants/-/fs-constants-1.0.0.tgz 405ms (cache miss)
273 http fetch GET 200 https://registry.npmjs.org/simple-get/-/simple-get-4.0.1.tgz 399ms (cache miss)
274 http fetch GET 200 https://registry.npmjs.org/tunnel-agent/-/tunnel-agent-0.6.0.tgz 432ms (cache miss)
275 http fetch GET 200 https://registry.npmjs.org/end-of-stream/-/end-of-stream-1.4.5.tgz 442ms (cache miss)
276 http fetch GET 200 https://registry.npmjs.org/tar-stream/-/tar-stream-2.2.0.tgz 453ms (cache miss)
277 http fetch GET 200 https://registry.npmjs.org/napi-build-utils/-/napi-build-utils-2.0.0.tgz 439ms (cache miss)
278 http fetch GET 200 https://registry.npmjs.org/pump/-/pump-3.0.3.tgz 443ms (cache miss)
279 http fetch GET 200 https://registry.npmjs.org/ini/-/ini-1.3.8.tgz 451ms (cache miss)
280 http fetch GET 200 https://registry.npmjs.org/node-abi/-/node-abi-3.77.0.tgz 445ms (cache miss)
281 http fetch GET 200 https://registry.npmjs.org/rc/-/rc-1.2.8.tgz 444ms (cache miss)
282 http fetch GET 200 https://registry.npmjs.org/decompress-response/-/decompress-response-6.0.0.tgz 456ms (cache miss)
283 http fetch GET 200 https://registry.npmjs.org/simple-concat/-/simple-concat-1.0.1.tgz 457ms (cache miss)
284 http fetch GET 200 https://registry.npmjs.org/github-from-package/-/github-from-package-0.0.0.tgz 447ms (cache miss)
285 http fetch GET 200 https://registry.npmjs.org/bindings/-/bindings-1.5.0.tgz 446ms (cache miss)
286 http fetch GET 200 https://registry.npmjs.org/mkdirp-classic/-/mkdirp-classic-0.5.3.tgz 450ms (cache miss)
287 http fetch GET 200 https://registry.npmjs.org/deep-extend/-/deep-extend-0.6.0.tgz 461ms (cache miss)
288 http fetch GET 200 https://registry.npmjs.org/expand-template/-/expand-template-2.0.3.tgz 451ms (cache miss)
289 http fetch GET 200 https://registry.npmjs.org/file-uri-to-path/-/file-uri-to-path-1.0.0.tgz 450ms (cache miss)
290 http fetch GET 200 https://registry.npmjs.org/cookie-parser/-/cookie-parser-1.4.7.tgz 447ms (cache miss)
291 http fetch GET 200 https://registry.npmjs.org/buffer/-/buffer-5.7.1.tgz 477ms (cache miss)
292 http fetch GET 200 https://registry.npmjs.org/prebuild-install/-/prebuild-install-7.1.3.tgz 450ms (cache miss)
293 http fetch GET 200 https://registry.npmjs.org/cookie/-/cookie-0.7.2.tgz 451ms (cache miss)
294 http fetch GET 200 https://registry.npmjs.org/detect-libc/-/detect-libc-2.1.0.tgz 455ms (cache miss)
295 http fetch GET 200 https://registry.npmjs.org/readable-stream/-/readable-stream-3.6.2.tgz 486ms (cache miss)
296 http fetch GET 200 https://registry.npmjs.org/minimist/-/minimist-1.2.8.tgz 467ms (cache miss)
297 http fetch GET 200 https://registry.npmjs.org/tar-fs/-/tar-fs-2.1.4.tgz 473ms (cache miss)
298 http fetch GET 200 https://registry.npmjs.org/better-sqlite3/-/better-sqlite3-9.6.0.tgz 608ms (cache miss)
299 info run better-sqlite3@9.6.0 install node_modules/better-sqlite3 prebuild-install || node-gyp rebuild --release
300 info run better-sqlite3@9.6.0 install { code: 0, signal: null }
301 silly ADD node_modules/string_decoder
302 silly ADD node_modules/ieee754
303 silly ADD node_modules/base64-js
304 silly ADD node_modules/buffer
305 silly ADD node_modules/readable-stream
306 silly ADD node_modules/fs-constants
307 silly ADD node_modules/bl
308 silly ADD node_modules/tar-stream
309 silly ADD node_modules/chownr
310 silly ADD node_modules/mimic-response
311 silly ADD node_modules/simple-concat
312 silly ADD node_modules/decompress-response
313 silly ADD node_modules/strip-json-comments
314 silly ADD node_modules/ini
315 silly ADD node_modules/deep-extend
316 silly ADD node_modules/wrappy
317 silly ADD node_modules/once
318 silly ADD node_modules/end-of-stream
319 silly ADD node_modules/tunnel-agent
320 silly ADD node_modules/tar-fs
321 silly ADD node_modules/simple-get
322 silly ADD node_modules/rc
323 silly ADD node_modules/pump
324 silly ADD node_modules/node-abi
325 silly ADD node_modules/napi-build-utils
326 silly ADD node_modules/mkdirp-classic
327 silly ADD node_modules/minimist
328 silly ADD node_modules/github-from-package
329 silly ADD node_modules/expand-template
330 silly ADD node_modules/detect-libc
331 silly ADD node_modules/file-uri-to-path
332 silly ADD node_modules/prebuild-install
333 silly ADD node_modules/bindings
334 silly ADD node_modules/cookie-parser
335 silly ADD node_modules/cookie-parser/node_modules/cookie
336 silly ADD node_modules/better-sqlite3
337 silly REMOVE node_modules/whatwg-url
338 silly REMOVE node_modules/webidl-conversions
339 silly REMOVE node_modules/tr46
340 silly REMOVE node_modules/sparse-bitfield
341 silly REMOVE node_modules/sift
342 silly REMOVE node_modules/punycode
343 silly REMOVE node_modules/mquery
344 silly REMOVE node_modules/mquery/node_modules/ms
345 silly REMOVE node_modules/mquery/node_modules/debug
346 silly REMOVE node_modules/mpath
347 silly REMOVE node_modules/mongoose
348 silly REMOVE node_modules/mongoose/node_modules/ms
349 silly REMOVE node_modules/mongodb-connection-string-url
350 silly REMOVE node_modules/mongodb
351 silly REMOVE node_modules/memory-pager
352 silly REMOVE node_modules/kareem
353 silly REMOVE node_modules/bson
354 silly REMOVE node_modules/@types/whatwg-url
355 silly REMOVE node_modules/@types/webidl-conversions
356 silly REMOVE node_modules/@mongodb-js/saslprep
357 verbose cwd /Users/macbook/Music/grocery-app-main
358 verbose os Darwin 24.6.0
359 verbose node v20.13.1
360 verbose npm  v10.8.1
361 verbose exit 0
362 info ok
