0 verbose cli /usr/local/bin/node /usr/local/bin/npm
1 info using npm@10.8.1
2 info using node@v20.13.1
3 silly config load:file:/usr/local/lib/node_modules/npm/npmrc
4 silly config load:file:/Users/macbook/Library/Caches/typescript/5.9/.npmrc
5 silly config load:file:/Users/macbook/.npmrc
6 silly config load:file:/usr/local/etc/npmrc
7 verbose title npm install types-registry@latest
8 verbose argv "install" "--ignore-scripts" "types-registry@latest"
9 verbose logfile logs-max:10 dir:/Users/macbook/Music/grocery-app-main/.npm-cache/_logs/2025-09-20T09_03_11_215Z-
10 verbose logfile /Users/macbook/Music/grocery-app-main/.npm-cache/_logs/2025-09-20T09_03_11_215Z-debug-0.log
11 silly packumentCache heap:4345298944 maxSize:1086324736 maxEntrySize:543162368
12 silly logfile done cleaning log files
13 silly packumentCache corgi:https://registry.npmjs.org/types-registry cache-miss
14 http fetch GET 200 https://registry.npmjs.org/types-registry 452ms (cache miss)
15 silly packumentCache corgi:https://registry.npmjs.org/types-registry set size:undefined disposed:false
16 silly idealTree buildDeps
17 silly fetch manifest types-registry@0.1.738
18 silly packumentCache full:https://registry.npmjs.org/types-registry cache-miss
19 http fetch GET 200 https://registry.npmjs.org/types-registry 155ms (cache miss)
20 silly packumentCache full:https://registry.npmjs.org/types-registry set size:undefined disposed:false
21 silly placeDep ROOT types-registry@0.1.738 REPLACE for:  want: 0.1.738
22 silly reify mark retired [
22 silly reify   '/Users/macbook/Library/Caches/typescript/5.9/node_modules/types-registry'
22 silly reify ]
23 silly reify moves {
23 silly reify   '/Users/macbook/Library/Caches/typescript/5.9/node_modules/types-registry': '/Users/macbook/Library/Caches/typescript/5.9/node_modules/.types-registry-j3hMLycv'
23 silly reify }
24 silly audit bulk request { 'types-registry': [ '0.1.738' ] }
25 silly tarball no local data for types-registry@https://registry.npmjs.org/types-registry/-/types-registry-0.1.738.tgz. Extracting by manifest.
26 http fetch POST 200 https://registry.npmjs.org/-/npm/v1/security/advisories/bulk 125ms
27 silly audit report {}
28 http fetch GET 200 https://registry.npmjs.org/types-registry/-/types-registry-0.1.738.tgz 294ms (cache miss)
29 silly CHANGE node_modules/types-registry
30 verbose cwd /Users/macbook/Library/Caches/typescript/5.9
31 verbose os Darwin 24.4.0
32 verbose node v20.13.1
33 verbose npm  v10.8.1
34 verbose exit 0
35 info ok
